  compilation object save succeeded; see C:\Users\2416008\Desktop\KIKAKU\Data\Shader\LensDistortion.cso
  compilation object save succeeded; see C:\Users\2416008\Desktop\KIKAKU\Data\Shader\Monotone.cso
  compilation object save succeeded; see C:\Users\2416008\Desktop\KIKAKU\Data\Shader\ScanLine.cso
  compilation object save succeeded; see C:\Users\2416008\Desktop\KIKAKU\Data\Shader\Vignette.cso
  compilation object save succeeded; see C:\Users\2416008\Desktop\KIKAKU\Data\Shader\MetalModelPS.cso
  compilation object save succeeded; see C:\Users\2416008\Desktop\KIKAKU\Data\Shader\stagePS.cso
  compilation object save succeeded; see C:\Users\2416008\Desktop\KIKAKU\Data\Shader\StdModelPS.cso
C:\Users\2416008\Desktop\KIKAKU\Src\Shader\Vertex\StdModelVS.hlsl(41,5-24): warning X3206: implicit truncation of vector type
C:\Users\2416008\Desktop\KIKAKU\Src\Shader\Vertex\StdModelVS.hlsl(12,14-32): warning X3578: 'main': Top-level return value is not completely initialized
C:\Users\2416008\Desktop\KIKAKU\Src\Shader\Vertex\StdModelVS.hlsl(12,14-32): warning X3578: 'main': Top-level return value is not completely initialized
C:\Users\2416008\Desktop\KIKAKU\Src\Shader\Vertex\StdModelVS.hlsl(12,14-32): warning X3578: 'main': Top-level return value is not completely initialized
C:\Users\2416008\Desktop\KIKAKU\Src\Shader\Vertex\StdModelVS.hlsl(12,14-32): warning X3578: Output value 'main' is not completely initialized
  
  compilation object save succeeded; see C:\Users\2416008\Desktop\KIKAKU\Data\Shader\StdModelVS.cso
C:\Users\2416008\Desktop\KIKAKU\Src\Shader\Vertex\MetaModelVS.hlsl(42,5-24): warning X3206: implicit truncation of vector type
  
  compilation object save succeeded; see C:\Users\2416008\Desktop\KIKAKU\Data\Shader\MetaModelVS.cso
  compilation object save succeeded; see C:\Users\2416008\Desktop\KIKAKU\Data\Shader\TimeStopPS.cso
  compilation object save succeeded; see C:\Users\2416008\Desktop\KIKAKU\Data\Shader\WaterPS.cso
  compilation object save succeeded; see C:\Users\2416008\Desktop\KIKAKU\Data\Shader\WaterVS.cso
  EffekseerEffect.cpp
  MeleeEnemy.cpp
  EnemyBase.cpp
  Goal.cpp
  Door.cpp
  FloorSwitch.cpp
  GhostPlayer.cpp
  Metal.cpp
  PixelRenderer.cpp
  PixelMaterial.cpp
  ActorBase.cpp
  Application.cpp
  Fader.cpp
  Quaternion.cpp
  Vector2.cpp
  main.cpp
  Camera.cpp
  InputManager.cpp
  Resource.cpp
  ResourceManager.cpp
  コードを生成中...
  コンパイル中...
  SceneManager.cpp
  AnimationController.cpp
  Capsule.cpp
  Collider.cpp
  SpeechBalloon.cpp
  Transform.cpp
  Planet.cpp
  Player.cpp
  SkyDome.cpp
  Stage.cpp
  WarpStar.cpp
  GameScene.cpp
  SceneBase.cpp
  TitleScene.cpp
  AsoUtility.cpp
  ModelMaterial.cpp
  ModelRenderer.cpp
  Water.cpp
  TimeStopController.cpp
  コードを生成中...
EffekseerForDXLib_vs2022_x64_d.lib(EffekseerForDXLib.obj) : warning LNK4099: PDB 'EffekseerForDXLib_vs2022_x64_d.pdb' が 'EffekseerForDXLib_vs2022_x64_d.lib(EffekseerForDXLib.obj)' で、または 'C:\Users\2416008\Desktop\KIKAKU\x64\Debug\EffekseerForDXLib_vs2022_x64_d.pdb' に見つかりません。デバッグ情報がないものとして、オブジェクトにリンクします。
Effekseer_vs2022_x64_d.lib(Effekseer.Color.obj) : warning LNK4099: PDB 'Effekseer_d.pdb' が 'Effekseer_vs2022_x64_d.lib(Effekseer.Color.obj)' で、または 'C:\Users\2416008\Desktop\KIKAKU\x64\Debug\Effekseer_d.pdb' に見つかりません。デバッグ情報がないものとして、オブジェクトにリンクします。
Effekseer_vs2022_x64_d.lib(Effekseer.Vector3D.obj) : warning LNK4099: PDB 'Effekseer_d.pdb' が 'Effekseer_vs2022_x64_d.lib(Effekseer.Vector3D.obj)' で、または 'C:\Users\2416008\Desktop\KIKAKU\x64\Debug\Effekseer_d.pdb' に見つかりません。デバッグ情報がないものとして、オブジェクトにリンクします。
Effekseer_vs2022_x64_d.lib(Effekseer.Matrix44.obj) : warning LNK4099: PDB 'Effekseer_d.pdb' が 'Effekseer_vs2022_x64_d.lib(Effekseer.Matrix44.obj)' で、または 'C:\Users\2416008\Desktop\KIKAKU\x64\Debug\Effekseer_d.pdb' に見つかりません。デバッグ情報がないものとして、オブジェクトにリンクします。
Effekseer_vs2022_x64_d.lib(Effekseer.Manager.obj) : warning LNK4099: PDB 'Effekseer_d.pdb' が 'Effekseer_vs2022_x64_d.lib(Effekseer.Manager.obj)' で、または 'C:\Users\2416008\Desktop\KIKAKU\x64\Debug\Effekseer_d.pdb' に見つかりません。デバッグ情報がないものとして、オブジェクトにリンクします。
Effekseer_vs2022_x64_d.lib(Effekseer.CurveLoader.obj) : warning LNK4099: PDB 'Effekseer_d.pdb' が 'Effekseer_vs2022_x64_d.lib(Effekseer.CurveLoader.obj)' で、または 'C:\Users\2416008\Desktop\KIKAKU\x64\Debug\Effekseer_d.pdb' に見つかりません。デバッグ情報がないものとして、オブジェクトにリンクします。
Effekseer_vs2022_x64_d.lib(Effekseer.Effect.obj) : warning LNK4099: PDB 'Effekseer_d.pdb' が 'Effekseer_vs2022_x64_d.lib(Effekseer.Effect.obj)' で、または 'C:\Users\2416008\Desktop\KIKAKU\x64\Debug\Effekseer_d.pdb' に見つかりません。デバッグ情報がないものとして、オブジェクトにリンクします。
Effekseer_vs2022_x64_d.lib(Effekseer.Setting.obj) : warning LNK4099: PDB 'Effekseer_d.pdb' が 'Effekseer_vs2022_x64_d.lib(Effekseer.Setting.obj)' で、または 'C:\Users\2416008\Desktop\KIKAKU\x64\Debug\Effekseer_d.pdb' に見つかりません。デバッグ情報がないものとして、オブジェクトにリンクします。
Effekseer_vs2022_x64_d.lib(Effekseer.Server.obj) : warning LNK4099: PDB 'Effekseer_d.pdb' が 'Effekseer_vs2022_x64_d.lib(Effekseer.Server.obj)' で、または 'C:\Users\2416008\Desktop\KIKAKU\x64\Debug\Effekseer_d.pdb' に見つかりません。デバッグ情報がないものとして、オブジェクトにリンクします。
Effekseer_vs2022_x64_d.lib(Effekseer.Matrix43.obj) : warning LNK4099: PDB 'Effekseer_d.pdb' が 'Effekseer_vs2022_x64_d.lib(Effekseer.Matrix43.obj)' で、または 'C:\Users\2416008\Desktop\KIKAKU\x64\Debug\Effekseer_d.pdb' に見つかりません。デバッグ情報がないものとして、オブジェクトにリンクします。
Effekseer_vs2022_x64_d.lib(Effekseer.CustomAllocator.obj) : warning LNK4099: PDB 'Effekseer_d.pdb' が 'Effekseer_vs2022_x64_d.lib(Effekseer.CustomAllocator.obj)' で、または 'C:\Users\2416008\Desktop\KIKAKU\x64\Debug\Effekseer_d.pdb' に見つかりません。デバッグ情報がないものとして、オブジェクトにリンクします。
Effekseer_vs2022_x64_d.lib(Effekseer.InternalScript.obj) : warning LNK4099: PDB 'Effekseer_d.pdb' が 'Effekseer_vs2022_x64_d.lib(Effekseer.InternalScript.obj)' で、または 'C:\Users\2416008\Desktop\KIKAKU\x64\Debug\Effekseer_d.pdb' に見つかりません。デバッグ情報がないものとして、オブジェクトにリンクします。
Effekseer_vs2022_x64_d.lib(Effekseer.Random.obj) : warning LNK4099: PDB 'Effekseer_d.pdb' が 'Effekseer_vs2022_x64_d.lib(Effekseer.Random.obj)' で、または 'C:\Users\2416008\Desktop\KIKAKU\x64\Debug\Effekseer_d.pdb' に見つかりません。デバッグ情報がないものとして、オブジェクトにリンクします。
Effekseer_vs2022_x64_d.lib(Utils.obj) : warning LNK4099: PDB 'Effekseer_d.pdb' が 'Effekseer_vs2022_x64_d.lib(Utils.obj)' で、または 'C:\Users\2416008\Desktop\KIKAKU\x64\Debug\Effekseer_d.pdb' に見つかりません。デバッグ情報がないものとして、オブジェクトにリンクします。
Effekseer_vs2022_x64_d.lib(Mat43f.obj) : warning LNK4099: PDB 'Effekseer_d.pdb' が 'Effekseer_vs2022_x64_d.lib(Mat43f.obj)' で、または 'C:\Users\2416008\Desktop\KIKAKU\x64\Debug\Effekseer_d.pdb' に見つかりません。デバッグ情報がないものとして、オブジェクトにリンクします。
Effekseer_vs2022_x64_d.lib(Mat44f.obj) : warning LNK4099: PDB 'Effekseer_d.pdb' が 'Effekseer_vs2022_x64_d.lib(Mat44f.obj)' で、または 'C:\Users\2416008\Desktop\KIKAKU\x64\Debug\Effekseer_d.pdb' に見つかりません。デバッグ情報がないものとして、オブジェクトにリンクします。
Effekseer_vs2022_x64_d.lib(Effekseer.InstanceGlobal.obj) : warning LNK4099: PDB 'Effekseer_d.pdb' が 'Effekseer_vs2022_x64_d.lib(Effekseer.InstanceGlobal.obj)' で、または 'C:\Users\2416008\Desktop\KIKAKU\x64\Debug\Effekseer_d.pdb' に見つかりません。デバッグ情報がないものとして、オブジェクトにリンクします。
Effekseer_vs2022_x64_d.lib(Effekseer.Instance.obj) : warning LNK4099: PDB 'Effekseer_d.pdb' が 'Effekseer_vs2022_x64_d.lib(Effekseer.Instance.obj)' で、または 'C:\Users\2416008\Desktop\KIKAKU\x64\Debug\Effekseer_d.pdb' に見つかりません。デバッグ情報がないものとして、オブジェクトにリンクします。
Effekseer_vs2022_x64_d.lib(Effekseer.InstanceChunk.obj) : warning LNK4099: PDB 'Effekseer_d.pdb' が 'Effekseer_vs2022_x64_d.lib(Effekseer.InstanceChunk.obj)' で、または 'C:\Users\2416008\Desktop\KIKAKU\x64\Debug\Effekseer_d.pdb' に見つかりません。デバッグ情報がないものとして、オブジェクトにリンクします。
Effekseer_vs2022_x64_d.lib(Effekseer.InstanceContainer.obj) : warning LNK4099: PDB 'Effekseer_d.pdb' が 'Effekseer_vs2022_x64_d.lib(Effekseer.InstanceContainer.obj)' で、または 'C:\Users\2416008\Desktop\KIKAKU\x64\Debug\Effekseer_d.pdb' に見つかりません。デバッグ情報がないものとして、オブジェクトにリンクします。
Effekseer_vs2022_x64_d.lib(Effekseer.InstanceGroup.obj) : warning LNK4099: PDB 'Effekseer_d.pdb' が 'Effekseer_vs2022_x64_d.lib(Effekseer.InstanceGroup.obj)' で、または 'C:\Users\2416008\Desktop\KIKAKU\x64\Debug\Effekseer_d.pdb' に見つかりません。デバッグ情報がないものとして、オブジェクトにリンクします。
Effekseer_vs2022_x64_d.lib(Effekseer.WorkerThread.obj) : warning LNK4099: PDB 'Effekseer_d.pdb' が 'Effekseer_vs2022_x64_d.lib(Effekseer.WorkerThread.obj)' で、または 'C:\Users\2416008\Desktop\KIKAKU\x64\Debug\Effekseer_d.pdb' に見つかりません。デバッグ情報がないものとして、オブジェクトにリンクします。
Effekseer_vs2022_x64_d.lib(Effekseer.DefaultFile.obj) : warning LNK4099: PDB 'Effekseer_d.pdb' が 'Effekseer_vs2022_x64_d.lib(Effekseer.DefaultFile.obj)' で、または 'C:\Users\2416008\Desktop\KIKAKU\x64\Debug\Effekseer_d.pdb' に見つかりません。デバッグ情報がないものとして、オブジェクトにリンクします。
Effekseer_vs2022_x64_d.lib(Effekseer.DefaultEffectLoader.obj) : warning LNK4099: PDB 'Effekseer_d.pdb' が 'Effekseer_vs2022_x64_d.lib(Effekseer.DefaultEffectLoader.obj)' で、または 'C:\Users\2416008\Desktop\KIKAKU\x64\Debug\Effekseer_d.pdb' に見つかりません。デバッグ情報がないものとして、オブジェクトにリンクします。
Effekseer_vs2022_x64_d.lib(Effekseer.EffectNode.obj) : warning LNK4099: PDB 'Effekseer_d.pdb' が 'Effekseer_vs2022_x64_d.lib(Effekseer.EffectNode.obj)' で、または 'C:\Users\2416008\Desktop\KIKAKU\x64\Debug\Effekseer_d.pdb' に見つかりません。デバッグ情報がないものとして、オブジェクトにリンクします。
Effekseer_vs2022_x64_d.lib(Effekseer.ResourceManager.obj) : warning LNK4099: PDB 'Effekseer_d.pdb' が 'Effekseer_vs2022_x64_d.lib(Effekseer.ResourceManager.obj)' で、または 'C:\Users\2416008\Desktop\KIKAKU\x64\Debug\Effekseer_d.pdb' に見つかりません。デバッグ情報がないものとして、オブジェクトにリンクします。
Effekseer_vs2022_x64_d.lib(Effekseer.ProceduralModelGenerator.obj) : warning LNK4099: PDB 'Effekseer_d.pdb' が 'Effekseer_vs2022_x64_d.lib(Effekseer.ProceduralModelGenerator.obj)' で、または 'C:\Users\2416008\Desktop\KIKAKU\x64\Debug\Effekseer_d.pdb' に見つかりません。デバッグ情報がないものとして、オブジェクトにリンクします。
Effekseer_vs2022_x64_d.lib(Effekseer.EfkEfcFactory.obj) : warning LNK4099: PDB 'Effekseer_d.pdb' が 'Effekseer_vs2022_x64_d.lib(Effekseer.EfkEfcFactory.obj)' で、または 'C:\Users\2416008\Desktop\KIKAKU\x64\Debug\Effekseer_d.pdb' に見つかりません。デバッグ情報がないものとして、オブジェクトにリンクします。
Effekseer_vs2022_x64_d.lib(Effekseer.Socket.obj) : warning LNK4099: PDB 'Effekseer_d.pdb' が 'Effekseer_vs2022_x64_d.lib(Effekseer.Socket.obj)' で、または 'C:\Users\2416008\Desktop\KIKAKU\x64\Debug\Effekseer_d.pdb' に見つかりません。デバッグ情報がないものとして、オブジェクトにリンクします。
Effekseer_vs2022_x64_d.lib(Effekseer.Session.obj) : warning LNK4099: PDB 'Effekseer_d.pdb' が 'Effekseer_vs2022_x64_d.lib(Effekseer.Session.obj)' で、または 'C:\Users\2416008\Desktop\KIKAKU\x64\Debug\Effekseer_d.pdb' に見つかりません。デバッグ情報がないものとして、オブジェクトにリンクします。
Effekseer_vs2022_x64_d.lib(Effekseer.Model.obj) : warning LNK4099: PDB 'Effekseer_d.pdb' が 'Effekseer_vs2022_x64_d.lib(Effekseer.Model.obj)' で、または 'C:\Users\2416008\Desktop\KIKAKU\x64\Debug\Effekseer_d.pdb' に見つかりません。デバッグ情報がないものとして、オブジェクトにリンクします。
Effekseer_vs2022_x64_d.lib(Effekseer.FCurves.obj) : warning LNK4099: PDB 'Effekseer_d.pdb' が 'Effekseer_vs2022_x64_d.lib(Effekseer.FCurves.obj)' で、または 'C:\Users\2416008\Desktop\KIKAKU\x64\Debug\Effekseer_d.pdb' に見つかりません。デバッグ情報がないものとして、オブジェクトにリンクします。
Effekseer_vs2022_x64_d.lib(Effekseer.ForceFields.obj) : warning LNK4099: PDB 'Effekseer_d.pdb' が 'Effekseer_vs2022_x64_d.lib(Effekseer.ForceFields.obj)' で、または 'C:\Users\2416008\Desktop\KIKAKU\x64\Debug\Effekseer_d.pdb' に見つかりません。デバッグ情報がないものとして、オブジェクトにリンクします。
Effekseer_vs2022_x64_d.lib(Effekseer.Parameters.obj) : warning LNK4099: PDB 'Effekseer_d.pdb' が 'Effekseer_vs2022_x64_d.lib(Effekseer.Parameters.obj)' で、または 'C:\Users\2416008\Desktop\KIKAKU\x64\Debug\Effekseer_d.pdb' に見つかりません。デバッグ情報がないものとして、オブジェクトにリンクします。
Effekseer_vs2022_x64_d.lib(Effekseer.Easing.obj) : warning LNK4099: PDB 'Effekseer_d.pdb' が 'Effekseer_vs2022_x64_d.lib(Effekseer.Easing.obj)' で、または 'C:\Users\2416008\Desktop\KIKAKU\x64\Debug\Effekseer_d.pdb' に見つかりません。デバッグ情報がないものとして、オブジェクトにリンクします。
Effekseer_vs2022_x64_d.lib(Effekseer.Trigger.obj) : warning LNK4099: PDB 'Effekseer_d.pdb' が 'Effekseer_vs2022_x64_d.lib(Effekseer.Trigger.obj)' で、または 'C:\Users\2416008\Desktop\KIKAKU\x64\Debug\Effekseer_d.pdb' に見つかりません。デバッグ情報がないものとして、オブジェクトにリンクします。
Effekseer_vs2022_x64_d.lib(Effekseer.Collisions.obj) : warning LNK4099: PDB 'Effekseer_d.pdb' が 'Effekseer_vs2022_x64_d.lib(Effekseer.Collisions.obj)' で、または 'C:\Users\2416008\Desktop\KIKAKU\x64\Debug\Effekseer_d.pdb' に見つかりません。デバッグ情報がないものとして、オブジェクトにリンクします。
Effekseer_vs2022_x64_d.lib(Effekseer.KillRules.obj) : warning LNK4099: PDB 'Effekseer_d.pdb' が 'Effekseer_vs2022_x64_d.lib(Effekseer.KillRules.obj)' で、または 'C:\Users\2416008\Desktop\KIKAKU\x64\Debug\Effekseer_d.pdb' に見つかりません。デバッグ情報がないものとして、オブジェクトにリンクします。
Effekseer_vs2022_x64_d.lib(Effekseer.Rotation.obj) : warning LNK4099: PDB 'Effekseer_d.pdb' が 'Effekseer_vs2022_x64_d.lib(Effekseer.Rotation.obj)' で、または 'C:\Users\2416008\Desktop\KIKAKU\x64\Debug\Effekseer_d.pdb' に見つかりません。デバッグ情報がないものとして、オブジェクトにリンクします。
Effekseer_vs2022_x64_d.lib(Effekseer.EffectNodeModel.obj) : warning LNK4099: PDB 'Effekseer_d.pdb' が 'Effekseer_vs2022_x64_d.lib(Effekseer.EffectNodeModel.obj)' で、または 'C:\Users\2416008\Desktop\KIKAKU\x64\Debug\Effekseer_d.pdb' に見つかりません。デバッグ情報がないものとして、オブジェクトにリンクします。
Effekseer_vs2022_x64_d.lib(Effekseer.EffectNodeRibbon.obj) : warning LNK4099: PDB 'Effekseer_d.pdb' が 'Effekseer_vs2022_x64_d.lib(Effekseer.EffectNodeRibbon.obj)' で、または 'C:\Users\2416008\Desktop\KIKAKU\x64\Debug\Effekseer_d.pdb' に見つかりません。デバッグ情報がないものとして、オブジェクトにリンクします。
Effekseer_vs2022_x64_d.lib(Effekseer.EffectNodeRing.obj) : warning LNK4099: PDB 'Effekseer_d.pdb' が 'Effekseer_vs2022_x64_d.lib(Effekseer.EffectNodeRing.obj)' で、または 'C:\Users\2416008\Desktop\KIKAKU\x64\Debug\Effekseer_d.pdb' に見つかりません。デバッグ情報がないものとして、オブジェクトにリンクします。
Effekseer_vs2022_x64_d.lib(Effekseer.EffectNodeSprite.obj) : warning LNK4099: PDB 'Effekseer_d.pdb' が 'Effekseer_vs2022_x64_d.lib(Effekseer.EffectNodeSprite.obj)' で、または 'C:\Users\2416008\Desktop\KIKAKU\x64\Debug\Effekseer_d.pdb' に見つかりません。デバッグ情報がないものとして、オブジェクトにリンクします。
Effekseer_vs2022_x64_d.lib(Effekseer.EffectNodeTrack.obj) : warning LNK4099: PDB 'Effekseer_d.pdb' が 'Effekseer_vs2022_x64_d.lib(Effekseer.EffectNodeTrack.obj)' で、または 'C:\Users\2416008\Desktop\KIKAKU\x64\Debug\Effekseer_d.pdb' に見つかりません。デバッグ情報がないものとして、オブジェクトにリンクします。
Effekseer_vs2022_x64_d.lib(Effekseer.GpuParticlesParameter.obj) : warning LNK4099: PDB 'Effekseer_d.pdb' が 'Effekseer_vs2022_x64_d.lib(Effekseer.GpuParticlesParameter.obj)' で、または 'C:\Users\2416008\Desktop\KIKAKU\x64\Debug\Effekseer_d.pdb' に見つかりません。デバッグ情報がないものとして、オブジェクトにリンクします。
Effekseer_vs2022_x64_d.lib(Effekseer.CurlNoise.obj) : warning LNK4099: PDB 'Effekseer_d.pdb' が 'Effekseer_vs2022_x64_d.lib(Effekseer.CurlNoise.obj)' で、または 'C:\Users\2416008\Desktop\KIKAKU\x64\Debug\Effekseer_d.pdb' に見つかりません。デバッグ情報がないものとして、オブジェクトにリンクします。
Effekseer_vs2022_x64_d.lib(Effekseer.SplineGenerator.obj) : warning LNK4099: PDB 'Effekseer_d.pdb' が 'Effekseer_vs2022_x64_d.lib(Effekseer.SplineGenerator.obj)' で、または 'C:\Users\2416008\Desktop\KIKAKU\x64\Debug\Effekseer_d.pdb' に見つかりません。デバッグ情報がないものとして、オブジェクトにリンクします。
EffekseerRendererDX9_vs2022_x64_d.lib(EffekseerRendererDX9.Renderer.obj) : warning LNK4099: PDB 'EffekseerRendererDX9_d.pdb' が 'EffekseerRendererDX9_vs2022_x64_d.lib(EffekseerRendererDX9.Renderer.obj)' で、または 'C:\Users\2416008\Desktop\KIKAKU\x64\Debug\EffekseerRendererDX9_d.pdb' に見つかりません。デバッグ情報がないものとして、オブジェクトにリンクします。
EffekseerRendererDX9_vs2022_x64_d.lib(EffekseerRendererDX9.RenderState.obj) : warning LNK4099: PDB 'EffekseerRendererDX9_d.pdb' が 'EffekseerRendererDX9_vs2022_x64_d.lib(EffekseerRendererDX9.RenderState.obj)' で、または 'C:\Users\2416008\Desktop\KIKAKU\x64\Debug\EffekseerRendererDX9_d.pdb' に見つかりません。デバッグ情報がないものとして、オブジェクトにリンクします。
EffekseerRendererDX9_vs2022_x64_d.lib(GraphicsDevice.obj) : warning LNK4099: PDB 'EffekseerRendererDX9_d.pdb' が 'EffekseerRendererDX9_vs2022_x64_d.lib(GraphicsDevice.obj)' で、または 'C:\Users\2416008\Desktop\KIKAKU\x64\Debug\EffekseerRendererDX9_d.pdb' に見つかりません。デバッグ情報がないものとして、オブジェクトにリンクします。
EffekseerRendererDX9_vs2022_x64_d.lib(EffekseerRendererDX9.MaterialLoader.obj) : warning LNK4099: PDB 'EffekseerRendererDX9_d.pdb' が 'EffekseerRendererDX9_vs2022_x64_d.lib(EffekseerRendererDX9.MaterialLoader.obj)' で、または 'C:\Users\2416008\Desktop\KIKAKU\x64\Debug\EffekseerRendererDX9_d.pdb' に見つかりません。デバッグ情報がないものとして、オブジェクトにリンクします。
EffekseerRendererDX9_vs2022_x64_d.lib(EffekseerRendererDX9.ModelRenderer.obj) : warning LNK4099: PDB 'EffekseerRendererDX9_d.pdb' が 'EffekseerRendererDX9_vs2022_x64_d.lib(EffekseerRendererDX9.ModelRenderer.obj)' で、または 'C:\Users\2416008\Desktop\KIKAKU\x64\Debug\EffekseerRendererDX9_d.pdb' に見つかりません。デバッグ情報がないものとして、オブジェクトにリンクします。
EffekseerRendererDX9_vs2022_x64_d.lib(EffekseerRendererDX9.GpuTimer.obj) : warning LNK4099: PDB 'EffekseerRendererDX9_d.pdb' が 'EffekseerRendererDX9_vs2022_x64_d.lib(EffekseerRendererDX9.GpuTimer.obj)' で、または 'C:\Users\2416008\Desktop\KIKAKU\x64\Debug\EffekseerRendererDX9_d.pdb' に見つかりません。デバッグ情報がないものとして、オブジェクトにリンクします。
EffekseerRendererDX9_vs2022_x64_d.lib(EffekseerRendererDX9.Shader.obj) : warning LNK4099: PDB 'EffekseerRendererDX9_d.pdb' が 'EffekseerRendererDX9_vs2022_x64_d.lib(EffekseerRendererDX9.Shader.obj)' で、または 'C:\Users\2416008\Desktop\KIKAKU\x64\Debug\EffekseerRendererDX9_d.pdb' に見つかりません。デバッグ情報がないものとして、オブジェクトにリンクします。
EffekseerRendererDX9_vs2022_x64_d.lib(EffekseerMaterialCompilerDX9.obj) : warning LNK4099: PDB 'EffekseerRendererDX9_d.pdb' が 'EffekseerRendererDX9_vs2022_x64_d.lib(EffekseerMaterialCompilerDX9.obj)' で、または 'C:\Users\2416008\Desktop\KIKAKU\x64\Debug\EffekseerRendererDX9_d.pdb' に見つかりません。デバッグ情報がないものとして、オブジェクトにリンクします。
EffekseerRendererDX9_vs2022_x64_d.lib(ShaderGenerator.obj) : warning LNK4099: PDB 'EffekseerRendererDX9_d.pdb' が 'EffekseerRendererDX9_vs2022_x64_d.lib(ShaderGenerator.obj)' で、または 'C:\Users\2416008\Desktop\KIKAKU\x64\Debug\EffekseerRendererDX9_d.pdb' に見つかりません。デバッグ情報がないものとして、オブジェクトにリンクします。
EffekseerRendererDX9_vs2022_x64_d.lib(ShaderGeneratorCommon.obj) : warning LNK4099: PDB 'EffekseerRendererDX9_d.pdb' が 'EffekseerRendererDX9_vs2022_x64_d.lib(ShaderGeneratorCommon.obj)' で、または 'C:\Users\2416008\Desktop\KIKAKU\x64\Debug\EffekseerRendererDX9_d.pdb' に見つかりません。デバッグ情報がないものとして、オブジェクトにリンクします。
EffekseerRendererDX11_vs2022_x64_d.lib(EffekseerRendererDX11.Renderer.obj) : warning LNK4099: PDB 'EffekseerRendererDX11_d.pdb' が 'EffekseerRendererDX11_vs2022_x64_d.lib(EffekseerRendererDX11.Renderer.obj)' で、または 'C:\Users\2416008\Desktop\KIKAKU\x64\Debug\EffekseerRendererDX11_d.pdb' に見つかりません。デバッグ情報がないものとして、オブジェクトにリンクします。
EffekseerRendererDX11_vs2022_x64_d.lib(GraphicsDevice.obj) : warning LNK4099: PDB 'EffekseerRendererDX11_d.pdb' が 'EffekseerRendererDX11_vs2022_x64_d.lib(GraphicsDevice.obj)' で、または 'C:\Users\2416008\Desktop\KIKAKU\x64\Debug\EffekseerRendererDX11_d.pdb' に見つかりません。デバッグ情報がないものとして、オブジェクトにリンクします。
EffekseerRendererDX11_vs2022_x64_d.lib(EffekseerRendererDX11.RenderState.obj) : warning LNK4099: PDB 'EffekseerRendererDX11_d.pdb' が 'EffekseerRendererDX11_vs2022_x64_d.lib(EffekseerRendererDX11.RenderState.obj)' で、または 'C:\Users\2416008\Desktop\KIKAKU\x64\Debug\EffekseerRendererDX11_d.pdb' に見つかりません。デバッグ情報がないものとして、オブジェクトにリンクします。
EffekseerRendererDX11_vs2022_x64_d.lib(EffekseerRendererDX11.GpuParticles.obj) : warning LNK4099: PDB 'EffekseerRendererDX11_d.pdb' が 'EffekseerRendererDX11_vs2022_x64_d.lib(EffekseerRendererDX11.GpuParticles.obj)' で、または 'C:\Users\2416008\Desktop\KIKAKU\x64\Debug\EffekseerRendererDX11_d.pdb' に見つかりません。デバッグ情報がないものとして、オブジェクトにリンクします。
EffekseerRendererDX11_vs2022_x64_d.lib(EffekseerRendererDX11.GpuTimer.obj) : warning LNK4099: PDB 'EffekseerRendererDX11_d.pdb' が 'EffekseerRendererDX11_vs2022_x64_d.lib(EffekseerRendererDX11.GpuTimer.obj)' で、または 'C:\Users\2416008\Desktop\KIKAKU\x64\Debug\EffekseerRendererDX11_d.pdb' に見つかりません。デバッグ情報がないものとして、オブジェクトにリンクします。
EffekseerRendererDX11_vs2022_x64_d.lib(EffekseerRendererDX11.MaterialLoader.obj) : warning LNK4099: PDB 'EffekseerRendererDX11_d.pdb' が 'EffekseerRendererDX11_vs2022_x64_d.lib(EffekseerRendererDX11.MaterialLoader.obj)' で、または 'C:\Users\2416008\Desktop\KIKAKU\x64\Debug\EffekseerRendererDX11_d.pdb' に見つかりません。デバッグ情報がないものとして、オブジェクトにリンクします。
EffekseerRendererDX11_vs2022_x64_d.lib(EffekseerRendererDX11.ModelRenderer.obj) : warning LNK4099: PDB 'EffekseerRendererDX11_d.pdb' が 'EffekseerRendererDX11_vs2022_x64_d.lib(EffekseerRendererDX11.ModelRenderer.obj)' で、または 'C:\Users\2416008\Desktop\KIKAKU\x64\Debug\EffekseerRendererDX11_d.pdb' に見つかりません。デバッグ情報がないものとして、オブジェクトにリンクします。
EffekseerRendererDX11_vs2022_x64_d.lib(EffekseerRendererDX11.Shader.obj) : warning LNK4099: PDB 'EffekseerRendererDX11_d.pdb' が 'EffekseerRendererDX11_vs2022_x64_d.lib(EffekseerRendererDX11.Shader.obj)' で、または 'C:\Users\2416008\Desktop\KIKAKU\x64\Debug\EffekseerRendererDX11_d.pdb' に見つかりません。デバッグ情報がないものとして、オブジェクトにリンクします。
EffekseerRendererDX11_vs2022_x64_d.lib(EffekseerRendererDX11.DeviceObject.obj) : warning LNK4099: PDB 'EffekseerRendererDX11_d.pdb' が 'EffekseerRendererDX11_vs2022_x64_d.lib(EffekseerRendererDX11.DeviceObject.obj)' で、または 'C:\Users\2416008\Desktop\KIKAKU\x64\Debug\EffekseerRendererDX11_d.pdb' に見つかりません。デバッグ情報がないものとして、オブジェクトにリンクします。
EffekseerRendererDX11_vs2022_x64_d.lib(EffekseerMaterialCompilerDX11.obj) : warning LNK4099: PDB 'EffekseerRendererDX11_d.pdb' が 'EffekseerRendererDX11_vs2022_x64_d.lib(EffekseerMaterialCompilerDX11.obj)' で、または 'C:\Users\2416008\Desktop\KIKAKU\x64\Debug\EffekseerRendererDX11_d.pdb' に見つかりません。デバッグ情報がないものとして、オブジェクトにリンクします。
EffekseerRendererCommon_vs2022_x64_d.lib(EffekseerRenderer.Renderer.obj) : warning LNK4099: PDB 'EffekseerRendererCommon_d.pdb' が 'EffekseerRendererCommon_vs2022_x64_d.lib(EffekseerRenderer.Renderer.obj)' で、または 'C:\Users\2416008\Desktop\KIKAKU\x64\Debug\EffekseerRendererCommon_d.pdb' に見つかりません。デバッグ情報がないものとして、オブジェクトにリンクします。
EffekseerRendererCommon_vs2022_x64_d.lib(TextureLoader.obj) : warning LNK4099: PDB 'EffekseerRendererCommon_d.pdb' が 'EffekseerRendererCommon_vs2022_x64_d.lib(TextureLoader.obj)' で、または 'C:\Users\2416008\Desktop\KIKAKU\x64\Debug\EffekseerRendererCommon_d.pdb' に見つかりません。デバッグ情報がないものとして、オブジェクトにリンクします。
EffekseerRendererCommon_vs2022_x64_d.lib(EffekseerRenderer.RenderStateBase.obj) : warning LNK4099: PDB 'EffekseerRendererCommon_d.pdb' が 'EffekseerRendererCommon_vs2022_x64_d.lib(EffekseerRenderer.RenderStateBase.obj)' で、または 'C:\Users\2416008\Desktop\KIKAKU\x64\Debug\EffekseerRendererCommon_d.pdb' に見つかりません。デバッグ情報がないものとして、オブジェクトにリンクします。
EffekseerRendererCommon_vs2022_x64_d.lib(VertexBuffer.obj) : warning LNK4099: PDB 'EffekseerRendererCommon_d.pdb' が 'EffekseerRendererCommon_vs2022_x64_d.lib(VertexBuffer.obj)' で、または 'C:\Users\2416008\Desktop\KIKAKU\x64\Debug\EffekseerRendererCommon_d.pdb' に見つかりません。デバッグ情報がないものとして、オブジェクトにリンクします。
EffekseerRendererCommon_vs2022_x64_d.lib(EffekseerRenderer.Renderer_Impl.obj) : warning LNK4099: PDB 'EffekseerRendererCommon_d.pdb' が 'EffekseerRendererCommon_vs2022_x64_d.lib(EffekseerRenderer.Renderer_Impl.obj)' で、または 'C:\Users\2416008\Desktop\KIKAKU\x64\Debug\EffekseerRendererCommon_d.pdb' に見つかりません。デバッグ情報がないものとして、オブジェクトにリンクします。
EffekseerRendererCommon_vs2022_x64_d.lib(EffekseerRenderer.CommonUtils.obj) : warning LNK4099: PDB 'EffekseerRendererCommon_d.pdb' が 'EffekseerRendererCommon_vs2022_x64_d.lib(EffekseerRenderer.CommonUtils.obj)' で、または 'C:\Users\2416008\Desktop\KIKAKU\x64\Debug\EffekseerRendererCommon_d.pdb' に見つかりません。デバッグ情報がないものとして、オブジェクトにリンクします。
EffekseerRendererCommon_vs2022_x64_d.lib(ModelLoader.obj) : warning LNK4099: PDB 'EffekseerRendererCommon_d.pdb' が 'EffekseerRendererCommon_vs2022_x64_d.lib(ModelLoader.obj)' で、または 'C:\Users\2416008\Desktop\KIKAKU\x64\Debug\EffekseerRendererCommon_d.pdb' に見つかりません。デバッグ情報がないものとして、オブジェクトにリンクします。
EffekseerRendererCommon_vs2022_x64_d.lib(EffekseerRenderer.GpuParticles.obj) : warning LNK4099: PDB 'EffekseerRendererCommon_d.pdb' が 'EffekseerRendererCommon_vs2022_x64_d.lib(EffekseerRenderer.GpuParticles.obj)' で、または 'C:\Users\2416008\Desktop\KIKAKU\x64\Debug\EffekseerRendererCommon_d.pdb' に見つかりません。デバッグ情報がないものとして、オブジェクトにリンクします。
EffekseerRendererCommon_vs2022_x64_d.lib(EffekseerRenderer.DDSTextureLoader.obj) : warning LNK4099: PDB 'EffekseerRendererCommon_d.pdb' が 'EffekseerRendererCommon_vs2022_x64_d.lib(EffekseerRenderer.DDSTextureLoader.obj)' で、または 'C:\Users\2416008\Desktop\KIKAKU\x64\Debug\EffekseerRendererCommon_d.pdb' に見つかりません。デバッグ情報がないものとして、オブジェクトにリンクします。
EffekseerRendererCommon_vs2022_x64_d.lib(EffekseerRenderer.PngTextureLoader.obj) : warning LNK4099: PDB 'EffekseerRendererCommon_d.pdb' が 'EffekseerRendererCommon_vs2022_x64_d.lib(EffekseerRenderer.PngTextureLoader.obj)' で、または 'C:\Users\2416008\Desktop\KIKAKU\x64\Debug\EffekseerRendererCommon_d.pdb' に見つかりません。デバッグ情報がないものとして、オブジェクトにリンクします。
EffekseerRendererCommon_vs2022_x64_d.lib(EffekseerRenderer.TGATextureLoader.obj) : warning LNK4099: PDB 'EffekseerRendererCommon_d.pdb' が 'EffekseerRendererCommon_vs2022_x64_d.lib(EffekseerRenderer.TGATextureLoader.obj)' で、または 'C:\Users\2416008\Desktop\KIKAKU\x64\Debug\EffekseerRendererCommon_d.pdb' に見つかりません。デバッグ情報がないものとして、オブジェクトにリンクします。
Effekseer_vs2022_x64_d.lib(Effekseer.MaterialFile.obj) : warning LNK4099: PDB 'Effekseer_d.pdb' が 'Effekseer_vs2022_x64_d.lib(Effekseer.MaterialFile.obj)' で、または 'C:\Users\2416008\Desktop\KIKAKU\x64\Debug\Effekseer_d.pdb' に見つかりません。デバッグ情報がないものとして、オブジェクトにリンクします。
Effekseer_vs2022_x64_d.lib(Effekseer.CompiledMaterial.obj) : warning LNK4099: PDB 'Effekseer_d.pdb' が 'Effekseer_vs2022_x64_d.lib(Effekseer.CompiledMaterial.obj)' で、または 'C:\Users\2416008\Desktop\KIKAKU\x64\Debug\Effekseer_d.pdb' に見つかりません。デバッグ情報がないものとして、オブジェクトにリンクします。
Effekseer_vs2022_x64_d.lib(Effekseer.ModelLoader.obj) : warning LNK4099: PDB 'Effekseer_d.pdb' が 'Effekseer_vs2022_x64_d.lib(Effekseer.ModelLoader.obj)' で、または 'C:\Users\2416008\Desktop\KIKAKU\x64\Debug\Effekseer_d.pdb' に見つかりません。デバッグ情報がないものとして、オブジェクトにリンクします。
Effekseer_vs2022_x64_d.lib(Effekseer.PointCacheGenerator.obj) : warning LNK4099: PDB 'Effekseer_d.pdb' が 'Effekseer_vs2022_x64_d.lib(Effekseer.PointCacheGenerator.obj)' で、または 'C:\Users\2416008\Desktop\KIKAKU\x64\Debug\Effekseer_d.pdb' に見つかりません。デバッグ情報がないものとして、オブジェクトにリンクします。
  BaseProject.vcxproj -> C:\Users\2416008\Desktop\KIKAKU\x64\Debug\BaseProject.exe
